// Vitest Snapshot v1, https://vitest.dev/guide/snapshot.html

exports[`Scores > should render scores components 1`] = `
<div>
  <div
    class="_scores_afa92b"
  >
    <h3>
      Scores
    </h3>
    <p>
      Player X: 
      0
    </p>
    <p>
      Player O: 
      0
    </p>
  </div>
</div>
`;
